<html>
<body>
<pre>
<h1>礦ision Build Log</h1>
<h2>Project:</h2>
C:\Users\YY的第一台笔记本\Desktop\嵌入式开发\OLED显示\PROJECT\OLED.uvprojx
Project File Date:  12/24/2020

<h2>Output:</h2>
Build target 'QD-OLED'
compiling main.c...
..\USER\main.c(82): warning:  #9-D: nested comment is not allowed
                /*OLED_Clear(0); 
..\USER\main.c: 1 warning, 0 errors
compiling stm32f10x_it.c...
compiling system_stm32f10x.c...
compiling test.c...
compiling gui.c...
compiling oled.c...
compiling spi.c...
compiling delay.c...
compiling sys.c...
compiling core_cm3.c...
assembling startup_stm32f10x_hd.s...
compiling misc.c...
compiling stm32f10x_gpio.c...
compiling stm32f10x_rcc.c...
compiling stm32f10x_spi.c...
linking...
Program Size: Code=9692 RO-data=5380 RW-data=3340 ZI-data=2884  
FromELF: creating hex file...
"..\OBJ\TEST_OLED.axf" - 0 Error(s), 1 Warning(s).

<h2>Software Packages used:</h2>

Package Vendor: ARM
                http://www.keil.com/pack/ARM.CMSIS.3.20.4.pack
                ARM::CMSIS:CORE:3.20.0
                Cortex Microcontroller Software Interface Standard (CMSIS) CORE, DSP, RTOS, Driver
   * Component: CORE Version: 3.20.0

<h2>Collection of Component include folders:</h2>
  C:\Users\YY的第一台笔记本\Desktop\嵌入式开发\OLED显示\PROJECT\RTE
  D:\MDK5\ARM\PACK\ARM\CMSIS\3.20.4\CMSIS\Include
  D:\MDK5\ARM\PACK\Keil\STM32F1xx_DFP\1.0.4\Device\Include

<h2>Collection of Component Files used:</h2>

   * Component: ARM::CMSIS:CORE:3.20.0
</pre>
</body>
</html>
